// Jest Snapshot v1, https://goo.gl/fbAQLP

exports[`Post Should match snapshot 1`] = `
Object {
  "asFragment": [Function],
  "baseElement": <body>
    <div>
      <article
        class="mb-5 max-w-4xl space-y-2 border-b-2 p-3"
      >
        <div
          class="flex flex-row space-x-2"
        >
          <img
            alt=""
            class="rounded-full"
            src="https://robohash.org/quamnonet.jpg?size=50x50&set=set1"
            width="24"
          />
          <h1
            class="flex self-center text-sm font-semibold"
          >
            test authorName
          </h1>
        </div>
        <h1
          class="text-2xl font-bold"
        >
          test title
        </h1>
        <section
          class="text-grey-subtext"
        >
          test summary
        </section>
        <footer
          class="flex flex-row flex-wrap gap-y-1"
        >
          <time
            class="mr-2 whitespace-nowrap text-sm text-grey-subtext"
          >
            28 September 2020
          </time>
          <div
            class="flex flex-row flex-wrap gap-y-1"
          >
            <div
              class="mr-2 max-w-max cursor-default whitespace-nowrap rounded-xl bg-grey-light px-2 text-sm text-grey-subtext transition-all duration-300 ease-in hover:bg-grey-dark"
            >
              category1
            </div>
            <div
              class="mr-2 max-w-max cursor-default whitespace-nowrap rounded-xl bg-grey-light px-2 text-sm text-grey-subtext transition-all duration-300 ease-in hover:bg-grey-dark"
            >
              category2
            </div>
          </div>
        </footer>
      </article>
    </div>
  </body>,
  "container": <div>
    <article
      class="mb-5 max-w-4xl space-y-2 border-b-2 p-3"
    >
      <div
        class="flex flex-row space-x-2"
      >
        <img
          alt=""
          class="rounded-full"
          src="https://robohash.org/quamnonet.jpg?size=50x50&set=set1"
          width="24"
        />
        <h1
          class="flex self-center text-sm font-semibold"
        >
          test authorName
        </h1>
      </div>
      <h1
        class="text-2xl font-bold"
      >
        test title
      </h1>
      <section
        class="text-grey-subtext"
      >
        test summary
      </section>
      <footer
        class="flex flex-row flex-wrap gap-y-1"
      >
        <time
          class="mr-2 whitespace-nowrap text-sm text-grey-subtext"
        >
          28 September 2020
        </time>
        <div
          class="flex flex-row flex-wrap gap-y-1"
        >
          <div
            class="mr-2 max-w-max cursor-default whitespace-nowrap rounded-xl bg-grey-light px-2 text-sm text-grey-subtext transition-all duration-300 ease-in hover:bg-grey-dark"
          >
            category1
          </div>
          <div
            class="mr-2 max-w-max cursor-default whitespace-nowrap rounded-xl bg-grey-light px-2 text-sm text-grey-subtext transition-all duration-300 ease-in hover:bg-grey-dark"
          >
            category2
          </div>
        </div>
      </footer>
    </article>
  </div>,
  "debug": [Function],
  "findAllByAltText": [Function],
  "findAllByDisplayValue": [Function],
  "findAllByLabelText": [Function],
  "findAllByPlaceholderText": [Function],
  "findAllByRole": [Function],
  "findAllByTestId": [Function],
  "findAllByText": [Function],
  "findAllByTitle": [Function],
  "findByAltText": [Function],
  "findByDisplayValue": [Function],
  "findByLabelText": [Function],
  "findByPlaceholderText": [Function],
  "findByRole": [Function],
  "findByTestId": [Function],
  "findByText": [Function],
  "findByTitle": [Function],
  "getAllByAltText": [Function],
  "getAllByDisplayValue": [Function],
  "getAllByLabelText": [Function],
  "getAllByPlaceholderText": [Function],
  "getAllByRole": [Function],
  "getAllByTestId": [Function],
  "getAllByText": [Function],
  "getAllByTitle": [Function],
  "getByAltText": [Function],
  "getByDisplayValue": [Function],
  "getByLabelText": [Function],
  "getByPlaceholderText": [Function],
  "getByRole": [Function],
  "getByTestId": [Function],
  "getByText": [Function],
  "getByTitle": [Function],
  "queryAllByAltText": [Function],
  "queryAllByDisplayValue": [Function],
  "queryAllByLabelText": [Function],
  "queryAllByPlaceholderText": [Function],
  "queryAllByRole": [Function],
  "queryAllByTestId": [Function],
  "queryAllByText": [Function],
  "queryAllByTitle": [Function],
  "queryByAltText": [Function],
  "queryByDisplayValue": [Function],
  "queryByLabelText": [Function],
  "queryByPlaceholderText": [Function],
  "queryByRole": [Function],
  "queryByTestId": [Function],
  "queryByText": [Function],
  "queryByTitle": [Function],
  "rerender": [Function],
  "unmount": [Function],
}
`;
